{
    "GUNZIP successfully unzips GZIP-compressed fasta file.": {
        "content": [
            {
                "0": [
                    "genome_I.fa:md5,e050100d0a9a7d06a8accf8424ad0d98"
                ],
                "gunzip": [
                    "genome_I.fa:md5,e050100d0a9a7d06a8accf8424ad0d98"
                ]
            }
        ],
        "timestamp": "2023-04-19T18:42:42+0000"
    }
}