{
    "Prepare_Refs successfully unzips and emits GZIP-compressed fasta and GTF files.": {
        "content": [
            {
                "0": [
                    "genome_I.fa:md5,e050100d0a9a7d06a8accf8424ad0d98"
                ],
                "1": [
                    "annotations_I.gtf:md5,61525d86cb937e0fe5b349215c50498c"
                ],
                "annotations": [
                    "annotations_I.gtf:md5,61525d86cb937e0fe5b349215c50498c"
                ],
                "fasta": [
                    "genome_I.fa:md5,e050100d0a9a7d06a8accf8424ad0d98"
                ]
            }
        ],
        "timestamp": "2023-08-01T21:26:23+0000"
    },
    "successfully emits uncompressed fasta and GTF files when uncompressed inputs are given.": {
        "content": [
            {
                "0": [
                    "/trev-f/SRAlign-test/raw/rnaseq/data/references/R64-1-1/genome_I.fa"
                ],
                "1": [
                    "/trev-f/SRAlign-test/raw/rnaseq/data/references/R64-1-1/annotations_I.gtf"
                ],
                "annotations": [
                    "/trev-f/SRAlign-test/raw/rnaseq/data/references/R64-1-1/annotations_I.gtf"
                ],
                "fasta": [
                    "/trev-f/SRAlign-test/raw/rnaseq/data/references/R64-1-1/genome_I.fa"
                ]
            }
        ],
        "timestamp": "2023-08-01T21:26:23+0000"
    },
    "successfully unzips and emits GZIP-compressed fasta and GTF files.": {
        "content": [
            {
                "0": [
                    "genome_I.fa:md5,e050100d0a9a7d06a8accf8424ad0d98"
                ],
                "1": [
                    "annotations_I.gtf:md5,61525d86cb937e0fe5b349215c50498c"
                ],
                "annotations": [
                    "annotations_I.gtf:md5,61525d86cb937e0fe5b349215c50498c"
                ],
                "fasta": [
                    "genome_I.fa:md5,e050100d0a9a7d06a8accf8424ad0d98"
                ]
            }
        ],
        "timestamp": "2023-08-01T21:26:23+0000"
    },
    "Prepare_Refs successfully emits uncompressed fasta and GTF files when uncompressed inputs are given.": {
        "content": [
            {
                "0": [
                    "/trev-f/SRAlign-test/raw/rnaseq/data/references/R64-1-1/genome_I.fa"
                ],
                "1": [
                    "/trev-f/SRAlign-test/raw/rnaseq/data/references/R64-1-1/annotations_I.gtf"
                ],
                "annotations": [
                    "/trev-f/SRAlign-test/raw/rnaseq/data/references/R64-1-1/annotations_I.gtf"
                ],
                "fasta": [
                    "/trev-f/SRAlign-test/raw/rnaseq/data/references/R64-1-1/genome_I.fa"
                ]
            }
        ],
        "timestamp": "2023-08-01T21:26:23+0000"
    }
}